mode: set
github.com/jmsilvadev/cycloid/katas/katas.go:9.34,11.2 1 1
github.com/jmsilvadev/cycloid/katas/katas.go:13.64,15.2 1 1
